../Core/Src/enhanced_movement.c:45:21:clampf	24	static
../Core/Src/enhanced_movement.c:52:13:reset_heading_pid	8	static
../Core/Src/enhanced_movement.c:62:13:scurve_profile_init_enhanced	64	static
../Core/Src/enhanced_movement.c:80:17:scurve_velocity_to_pwm	24	static
../Core/Src/enhanced_movement.c:90:13:scurve_get_optimal_parameters	24	static
../Core/Src/enhanced_movement.c:113:6:move_forward_scurve	152	static
../Core/Src/enhanced_movement.c:246:6:championship_move_forward_enhanced	16	static
../Core/Src/enhanced_movement.c:277:6:set_heading_pid_gains	56	static
../Core/Src/enhanced_movement.c:288:6:get_heading_pid_status	40	static
../Core/Src/enhanced_movement.c:298:6:test_scurve_movement	40	static
../Core/Src/enhanced_movement.c:355:6:test_scurve_single_cell	8	static
