../Core/Src/gyro.c:48:9:mpu9250_read_register	24	static
../Core/Src/gyro.c:74:6:mpu9250_write_register	24	static
../Core/Src/gyro.c:96:6:mpu9250_init	16	static
../Core/Src/gyro.c:155:6:mpu9250_calibrate_bias	16	static
../Core/Src/gyro.c:188:7:mpu9250_get_gyro_z_compensated	16	static
../Core/Src/gyro.c:203:6:mpu9250_is_initialized	4	static
../Core/Src/gyro.c:211:6:mpu9250_read_gyro	24	static
../Core/Src/gyro.c:248:6:mpu9250_read_accel	24	static
../Core/Src/gyro.c:285:6:mpu9250_read_all	8	static
../Core/Src/gyro.c:294:7:mpu9250_get_gyro_z_dps	4	static
../Core/Src/gyro.c:306:6:mpu9250_detect_turn	16	static
../Core/Src/gyro.c:321:6:mpu9250_send_status	16	static
