../Core/Src/gyro.c:48:9:mpu9250_read_register	24	static
../Core/Src/gyro.c:74:6:mpu9250_write_register	24	static
../Core/Src/gyro.c:96:6:mpu9250_init	16	static
../Core/Src/gyro.c:155:6:mpu9250_calibrate_bias	56	static
../Core/Src/gyro.c:186:7:mpu9250_get_gyro_z_compensated	16	static
../Core/Src/gyro.c:201:6:mpu9250_is_initialized	4	static
../Core/Src/gyro.c:209:6:mpu9250_read_gyro	24	static
../Core/Src/gyro.c:246:6:mpu9250_read_accel	24	static
../Core/Src/gyro.c:283:6:mpu9250_read_all	8	static
../Core/Src/gyro.c:292:7:mpu9250_get_gyro_z_dps	4	static
../Core/Src/gyro.c:304:6:mpu9250_detect_turn	16	static
../Core/Src/gyro.c:319:6:mpu9250_send_status	32	static
