../Core/Src/main.c:123:13:initialize_hardware_systems	8	static
../Core/Src/main.c:170:13:run_system_diagnostics	8	static
../Core/Src/main.c:210:13:send_periodic_status	16	static
../Core/Src/main.c:246:5:main	8	static
../Core/Src/main.c:496:6:SystemClock_Config	88	static
../Core/Src/main.c:543:13:MX_ADC1_Init	24	static
../Core/Src/main.c:595:13:MX_SPI2_Init	8	static
../Core/Src/main.c:633:13:MX_TIM1_Init	96	static
../Core/Src/main.c:708:13:MX_TIM2_Init	56	static
../Core/Src/main.c:757:13:MX_TIM3_Init	64	static
../Core/Src/main.c:828:13:MX_TIM4_Init	56	static
../Core/Src/main.c:877:13:MX_USART6_UART_Init	8	static
../Core/Src/main.c:910:13:MX_GPIO_Init	40	static
../Core/Src/main.c:980:6:HAL_GPIO_EXTI_Callback	24	static
../Core/Src/main.c:1000:6:verify_adc_gpio_configuration	32	static
../Core/Src/main.c:1036:6:Error_Handler	8	static,ignoring_inline_asm
