../Core/Src/micromouse.c:40:13:queue_init	16	static
../Core/Src/micromouse.c:44:12:queue_empty	16	static
../Core/Src/micromouse.c:48:13:queue_push	24	static
../Core/Src/micromouse.c:54:17:queue_pop	16	static
../Core/Src/micromouse.c:59:6:dwt_delay_us	24	static,ignoring_inline_asm
../Core/Src/micromouse.c:64:6:dwt_delay_init	16	static
../Core/Src/micromouse.c:76:6:initialize_maze_exploration	32	static
../Core/Src/micromouse.c:133:6:flood_fill_algorithm	104	static
../Core/Src/micromouse.c:194:5:get_best_direction	80	static
../Core/Src/micromouse.c:262:6:turn_to_direction	24	static
../Core/Src/micromouse.c:296:6:move_forward_one_cell	16	static
../Core/Src/micromouse.c:332:6:is_at_goal	4	static
../Core/Src/micromouse.c:346:6:update_maze_walls	40	static
../Core/Src/micromouse.c:397:6:explore_maze	40	static
../Core/Src/micromouse.c:476:6:run_maze_exploration_sequence	40	static
../Core/Src/micromouse.c:524:6:is_exploration_complete	4	static
../Core/Src/micromouse.c:531:7:get_exploration_efficiency	24	static
../Core/Src/micromouse.c:547:5:get_optimal_distance	4	static
