../Core/Src/micromouse.c:23:6:championship_micromouse_init	8	static
../Core/Src/micromouse.c:55:6:initialize_championship_maze	24	static
../Core/Src/micromouse.c:88:6:championship_flood_fill	2104	static
../Core/Src/micromouse.c:163:5:get_championship_direction	80	static
../Core/Src/micromouse.c:228:6:championship_update_walls	56	static
../Core/Src/micromouse.c:276:6:turn_to_direction	24	static
../Core/Src/micromouse.c:316:6:championship_move_forward	8	static
../Core/Src/micromouse.c:338:6:is_at_goal	4	static
../Core/Src/micromouse.c:351:6:championship_exploration_with_analysis	48	static
../Core/Src/micromouse.c:445:6:execute_championship_path_analysis	8	static
../Core/Src/micromouse.c:472:6:reset_championship_micromouse	8	static
../Core/Src/micromouse.c:492:6:championship_speed_run	8	static
../Core/Src/micromouse.c:506:6:speed_run	32	static
../Core/Src/micromouse.c:603:7:get_exploration_efficiency	24	static
../Core/Src/micromouse.c:619:5:get_optimal_distance	4	static
