../Core/Src/movement.c:23:6:update_encoder_totals	16	static
../Core/Src/movement.c:47:9:get_left_encoder_total	8	static
../Core/Src/movement.c:55:9:get_right_encoder_total	8	static
../Core/Src/movement.c:63:6:reset_encoder_totals	4	static
../Core/Src/movement.c:73:6:start_encoders	8	static
../Core/Src/movement.c:105:6:turn_left	8	static
../Core/Src/movement.c:126:6:turn_right	8	static
../Core/Src/movement.c:141:6:turn_around	8	static
../Core/Src/movement.c:161:6:stop_motors	4	static
../Core/Src/movement.c:169:6:break_motors	8	static
../Core/Src/movement.c:185:6:move_forward_distance	40	static
../Core/Src/movement.c:219:6:move_forward_WF_distance	48	static
../Core/Src/movement.c:270:6:motor_set	24	static
../Core/Src/movement.c:301:6:test_motors_individual	8	static
../Core/Src/movement.c:340:6:send_encoder_status	16	static
../Core/Src/movement.c:371:21:clampf_local	24	static
../Core/Src/movement.c:376:6:moveStraightPID_Reset	8	static
../Core/Src/movement.c:392:6:moveStraightPID	72	static
../Core/Src/movement.c:493:6:moveStraightGyroPID_Reset	8	static
../Core/Src/movement.c:504:6:moveStraightGyroPID	40	static
../Core/Src/movement.c:550:6:move_with_profile	72	static
../Core/Src/movement.c:640:21:signf	16	static
../Core/Src/movement.c:642:6:gyro_turn_reset	8	static
../Core/Src/movement.c:649:7:gyro_rate_pid_step	40	static
../Core/Src/movement.c:676:6:turn_in_place_gyro	112	static
../Core/Src/movement.c:769:6:debug_encoder_setup	8	static
../Core/Src/movement.c:792:6:test_encoder_manual	8	static
../Core/Src/movement.c:805:6:test_encoder_rotation	32	static
