../Core/Src/movement.c:22:6:update_encoder_totals	16	static
../Core/Src/movement.c:46:9:get_left_encoder_total	8	static
../Core/Src/movement.c:54:9:get_right_encoder_total	8	static
../Core/Src/movement.c:62:6:reset_encoder_totals	4	static
../Core/Src/movement.c:72:6:start_encoders	8	static
../Core/Src/movement.c:93:6:move_forward	48	static
../Core/Src/movement.c:139:6:turn_left	24	static
../Core/Src/movement.c:167:6:turn_right	24	static
../Core/Src/movement.c:194:6:turn_around	8	static
../Core/Src/movement.c:202:6:stop_motors	4	static
../Core/Src/movement.c:210:6:break_motors	8	static
../Core/Src/movement.c:224:6:move_forward_distance	48	static
../Core/Src/movement.c:255:6:move_forward_adaptive_speed	24	static
../Core/Src/movement.c:265:6:is_speed_run_ready	4	static
../Core/Src/movement.c:270:6:motor_set	24	static
../Core/Src/movement.c:288:6:motor_set_fixed	24	static
../Core/Src/movement.c:317:6:test_motors_individual	8	static
../Core/Src/movement.c:356:6:send_encoder_status	16	static
../Core/Src/movement.c:366:6:move_forward_with_profile	88	static
../Core/Src/movement.c:415:6:moveStraightPID	24	static
../Core/Src/movement.c:474:21:clampf_local	24	static
../Core/Src/movement.c:479:6:moveStraightGyroPID_Reset	8	static
../Core/Src/movement.c:486:6:moveStraightGyroPID	40	static
../Core/Src/movement.c:537:13:gyro_turn_reset	8	static
../Core/Src/movement.c:549:6:turn_in_place_gyro	104	static
../Core/Src/movement.c:649:14:gyro_rate_pid_step	40	static
../Core/Src/movement.c:670:6:move_forward_smooth	16	static
../Core/Src/movement.c:675:6:debug_encoder_setup	8	static
../Core/Src/movement.c:698:6:test_encoder_manual	8	static
../Core/Src/movement.c:711:6:test_encoder_rotation	32	static
