../Core/Src/movement.c:23:6:update_encoder_totals	16	static
../Core/Src/movement.c:47:9:get_left_encoder_total	8	static
../Core/Src/movement.c:55:9:get_right_encoder_total	8	static
../Core/Src/movement.c:63:6:reset_encoder_totals	4	static
../Core/Src/movement.c:73:6:start_encoders	8	static
../Core/Src/movement.c:105:6:turn_left	8	static
../Core/Src/movement.c:121:6:turn_right	8	static
../Core/Src/movement.c:130:6:turn_around	8	static
../Core/Src/movement.c:138:6:stop_motors	4	static
../Core/Src/movement.c:146:6:break_motors	8	static
../Core/Src/movement.c:162:6:move_forward_distance	48	static
../Core/Src/movement.c:196:6:motor_set	24	static
../Core/Src/movement.c:251:6:test_motors_individual	8	static
../Core/Src/movement.c:290:6:send_encoder_status	16	static
../Core/Src/movement.c:321:21:clampf_local	24	static
../Core/Src/movement.c:326:6:moveStraightPID_Reset	8	static
../Core/Src/movement.c:342:6:moveStraightPID	72	static
../Core/Src/movement.c:445:19:clamp_int	24	static
../Core/Src/movement.c:451:6:moveStraightGyroPID_Reset	8	static
../Core/Src/movement.c:459:6:moveStraightGyroPID2	56	static
../Core/Src/movement.c:533:6:moveStraightGyroPID	40	static
../Core/Src/movement.c:612:21:signf	16	static
../Core/Src/movement.c:614:6:gyro_turn_reset	8	static
../Core/Src/movement.c:621:14:gyro_rate_pid_step	40	static
../Core/Src/movement.c:648:6:turn_in_place_gyro	112	static
../Core/Src/movement.c:964:6:debug_encoder_setup	8	static
../Core/Src/movement.c:987:6:test_encoder_manual	8	static
../Core/Src/movement.c:1000:6:test_encoder_rotation	32	static
