../Core/Src/movement.c:23:6:update_encoder_totals	16	static
../Core/Src/movement.c:47:9:get_left_encoder_total	8	static
../Core/Src/movement.c:55:9:get_right_encoder_total	8	static
../Core/Src/movement.c:63:6:reset_encoder_totals	4	static
../Core/Src/movement.c:73:6:start_encoders	8	static
../Core/Src/movement.c:105:6:turn_left	8	static
../Core/Src/movement.c:126:6:turn_right	8	static
../Core/Src/movement.c:141:6:turn_around	8	static
../Core/Src/movement.c:161:6:stop_motors	4	static
../Core/Src/movement.c:169:6:break_motors	8	static
../Core/Src/movement.c:185:6:move_forward_distance	40	static
../Core/Src/movement.c:219:6:move_forward_WF_distance	48	static
../Core/Src/movement.c:265:6:motor_set	24	static
../Core/Src/movement.c:320:6:test_motors_individual	8	static
../Core/Src/movement.c:359:6:send_encoder_status	16	static
../Core/Src/movement.c:390:21:clampf_local	24	static
../Core/Src/movement.c:395:6:moveStraightPID_Reset	8	static
../Core/Src/movement.c:411:6:moveStraightPID	72	static
../Core/Src/movement.c:514:19:clamp_int	24	static
../Core/Src/movement.c:520:6:moveStraightGyroPID_Reset	8	static
../Core/Src/movement.c:528:6:moveStraightGyroPID2	56	static
../Core/Src/movement.c:602:6:moveStraightGyroPID	40	static
../Core/Src/movement.c:681:21:signf	16	static
../Core/Src/movement.c:683:6:gyro_turn_reset	8	static
../Core/Src/movement.c:690:14:gyro_rate_pid_step	40	static
../Core/Src/movement.c:717:6:turn_in_place_gyro	112	static
../Core/Src/movement.c:1033:6:debug_encoder_setup	8	static
../Core/Src/movement.c:1056:6:test_encoder_manual	8	static
../Core/Src/movement.c:1069:6:test_encoder_rotation	32	static
