../Core/Src/movement.c:24:6:update_encoder_totals	16	static
../Core/Src/movement.c:48:9:get_left_encoder_total	8	static
../Core/Src/movement.c:56:9:get_right_encoder_total	8	static
../Core/Src/movement.c:64:6:reset_encoder_totals	4	static
../Core/Src/movement.c:74:6:start_encoders	8	static
../Core/Src/movement.c:95:6:move_forward	48	static
../Core/Src/movement.c:141:6:turn_left	24	static
../Core/Src/movement.c:169:6:turn_right	24	static
../Core/Src/movement.c:196:6:turn_around	8	static
../Core/Src/movement.c:204:6:stop_motors	4	static
../Core/Src/movement.c:217:6:move_forward_distance	48	static
../Core/Src/movement.c:246:6:move_forward_adaptive_speed	24	static
../Core/Src/movement.c:256:6:is_speed_run_ready	4	static
../Core/Src/movement.c:261:6:motor_set	24	static
../Core/Src/movement.c:279:6:motor_set_fixed	24	static
../Core/Src/movement.c:305:6:test_motors_individual	8	static
../Core/Src/movement.c:344:6:send_encoder_status	16	static
../Core/Src/movement.c:354:6:move_forward_with_profile	88	static
../Core/Src/movement.c:395:6:move_forward_smooth	16	static
../Core/Src/movement.c:400:6:debug_encoder_setup	8	static
../Core/Src/movement.c:423:6:test_encoder_manual	8	static
../Core/Src/movement.c:436:6:test_encoder_rotation	32	static
