../Core/Src/movement.c:23:6:update_encoder_totals	16	static
../Core/Src/movement.c:47:9:get_left_encoder_total	8	static
../Core/Src/movement.c:55:9:get_right_encoder_total	8	static
../Core/Src/movement.c:63:6:reset_encoder_totals	4	static
../Core/Src/movement.c:73:6:start_encoders	8	static
../Core/Src/movement.c:94:6:turn_left	8	static
../Core/Src/movement.c:103:6:turn_right	8	static
../Core/Src/movement.c:111:6:turn_around	8	static
../Core/Src/movement.c:119:6:stop_motors	4	static
../Core/Src/movement.c:127:6:break_motors	8	static
../Core/Src/movement.c:143:6:move_forward_distance	48	static
../Core/Src/movement.c:177:6:motor_set	24	static
../Core/Src/movement.c:232:6:test_motors_individual	8	static
../Core/Src/movement.c:271:6:send_encoder_status	16	static
../Core/Src/movement.c:302:21:clampf_local	24	static
../Core/Src/movement.c:307:6:moveStraightPID_Reset	8	static
../Core/Src/movement.c:323:6:moveStraightPID	72	static
../Core/Src/movement.c:426:19:clamp_int	24	static
../Core/Src/movement.c:432:6:moveStraightGyroPID_Reset	8	static
../Core/Src/movement.c:440:6:moveStraightGyroPID2	56	static
../Core/Src/movement.c:514:6:moveStraightGyroPID	40	static
../Core/Src/movement.c:593:21:signf	16	static
../Core/Src/movement.c:595:6:gyro_turn_reset	8	static
../Core/Src/movement.c:602:14:gyro_rate_pid_step	40	static
../Core/Src/movement.c:629:6:turn_in_place_gyro	112	static
../Core/Src/movement.c:945:6:debug_encoder_setup	8	static
../Core/Src/movement.c:968:6:test_encoder_manual	8	static
../Core/Src/movement.c:981:6:test_encoder_rotation	32	static
