../Core/Src/movement.c:23:6:update_encoder_totals	16	static
../Core/Src/movement.c:47:9:get_left_encoder_total	8	static
../Core/Src/movement.c:55:9:get_right_encoder_total	8	static
../Core/Src/movement.c:63:6:reset_encoder_totals	4	static
../Core/Src/movement.c:73:6:start_encoders	8	static
../Core/Src/movement.c:94:6:move_forward	48	static
../Core/Src/movement.c:192:6:turn_left	8	static
../Core/Src/movement.c:198:6:turn_right	8	static
../Core/Src/movement.c:206:6:turn_around	8	static
../Core/Src/movement.c:214:6:stop_motors	4	static
../Core/Src/movement.c:222:6:break_motors	8	static
../Core/Src/movement.c:236:6:move_forward_distance	48	static
../Core/Src/movement.c:267:6:move_forward_adaptive_speed	24	static
../Core/Src/movement.c:277:6:is_speed_run_ready	4	static
../Core/Src/movement.c:282:6:motor_set	24	static
../Core/Src/movement.c:300:6:motor_set_fixed	24	static
../Core/Src/movement.c:329:6:test_motors_individual	8	static
../Core/Src/movement.c:368:6:send_encoder_status	16	static
../Core/Src/movement.c:378:6:move_forward_with_profile	88	static
../Core/Src/movement.c:427:6:moveStraightPID	24	static
../Core/Src/movement.c:485:21:clampf_local	24	static
../Core/Src/movement.c:490:6:moveStraightGyroPID_Reset	8	static
../Core/Src/movement.c:497:6:moveStraightGyroPID	40	static
../Core/Src/movement.c:548:13:gyro_turn_reset	8	static
../Core/Src/movement.c:560:6:turn_in_place_gyro	104	static
../Core/Src/movement.c:660:14:gyro_rate_pid_step	40	static
../Core/Src/movement.c:681:6:move_forward_smooth	16	static
../Core/Src/movement.c:686:6:debug_encoder_setup	8	static
../Core/Src/movement.c:709:6:test_encoder_manual	8	static
../Core/Src/movement.c:722:6:test_encoder_rotation	32	static
