../Core/Src/movement.c:23:6:update_encoder_totals	16	static
../Core/Src/movement.c:47:9:get_left_encoder_total	8	static
../Core/Src/movement.c:55:9:get_right_encoder_total	8	static
../Core/Src/movement.c:63:6:reset_encoder_totals	4	static
../Core/Src/movement.c:73:6:start_encoders	8	static
../Core/Src/movement.c:94:6:turn_left	8	static
../Core/Src/movement.c:100:6:turn_right	8	static
../Core/Src/movement.c:108:6:turn_around	8	static
../Core/Src/movement.c:116:6:stop_motors	4	static
../Core/Src/movement.c:124:6:break_motors	8	static
../Core/Src/movement.c:138:6:move_forward_distance	48	static
../Core/Src/movement.c:172:6:motor_set	24	static
../Core/Src/movement.c:201:6:test_motors_individual	8	static
../Core/Src/movement.c:240:6:send_encoder_status	16	static
../Core/Src/movement.c:271:21:clampf_local	24	static
../Core/Src/movement.c:276:6:moveStraightPID_Reset	8	static
../Core/Src/movement.c:292:6:moveStraightPID	72	static
../Core/Src/movement.c:380:6:moveStraightGyroPID_Reset	8	static
../Core/Src/movement.c:387:6:moveStraightGyroPID	40	static
../Core/Src/movement.c:464:21:signf	16	static
../Core/Src/movement.c:466:13:gyro_turn_reset	8	static
../Core/Src/movement.c:473:14:gyro_rate_pid_step	40	static
../Core/Src/movement.c:500:6:turn_in_place_gyro	112	static
../Core/Src/movement.c:618:6:wallFollowPID_Reset	8	static
../Core/Src/movement.c:639:6:moveStraightSensorFusion	72	static
../Core/Src/movement.c:774:6:move_forward_distance_fusion	48	static
../Core/Src/movement.c:809:6:debug_encoder_setup	8	static
../Core/Src/movement.c:832:6:test_encoder_manual	8	static
../Core/Src/movement.c:845:6:test_encoder_rotation	32	static
