../Core/Src/movement.c:21:6:update_encoder_totals	16	static
../Core/Src/movement.c:42:9:get_left_encoder_total	8	static
../Core/Src/movement.c:51:9:get_right_encoder_total	8	static
../Core/Src/movement.c:60:6:reset_encoder_totals	4	static
../Core/Src/movement.c:71:6:start_encoders	8	static
../Core/Src/movement.c:93:6:move_forward	56	static
../Core/Src/movement.c:142:6:turn_left	40	static
../Core/Src/movement.c:174:6:turn_right	40	static
../Core/Src/movement.c:206:6:turn_around	8	static
../Core/Src/movement.c:215:6:stop_motors	16	static
../Core/Src/movement.c:225:6:move_forward_distance	48	static
../Core/Src/movement.c:256:6:move_forward_adaptive_speed	24	static
../Core/Src/movement.c:266:6:is_speed_run_ready	4	static
../Core/Src/movement.c:273:6:motor_set	24	static
../Core/Src/movement.c:290:6:send_encoder_status	16	static
../Core/Src/movement.c:302:6:move_forward_with_profile	88	static
../Core/Src/movement.c:344:6:move_forward_smooth	16	static
../Core/Src/movement.c:351:6:debug_encoder_setup	8	static
../Core/Src/movement.c:374:6:test_encoder_manual	8	static
../Core/Src/movement.c:388:6:test_encoder_rotation	32	static
