../Core/Src/movement.c:22:6:update_encoder_totals	16	static
../Core/Src/movement.c:46:9:get_left_encoder_total	8	static
../Core/Src/movement.c:54:9:get_right_encoder_total	8	static
../Core/Src/movement.c:62:6:reset_encoder_totals	4	static
../Core/Src/movement.c:72:6:start_encoders	8	static
../Core/Src/movement.c:93:6:move_forward	48	static
../Core/Src/movement.c:139:6:turn_left	24	static
../Core/Src/movement.c:167:6:turn_right	24	static
../Core/Src/movement.c:194:6:turn_around	8	static
../Core/Src/movement.c:202:6:stop_motors	4	static
../Core/Src/movement.c:210:6:break_motors	8	static
../Core/Src/movement.c:224:6:move_forward_distance	48	static
../Core/Src/movement.c:253:6:move_forward_adaptive_speed	24	static
../Core/Src/movement.c:263:6:is_speed_run_ready	4	static
../Core/Src/movement.c:268:6:motor_set	24	static
../Core/Src/movement.c:286:6:motor_set_fixed	24	static
../Core/Src/movement.c:315:6:test_motors_individual	8	static
../Core/Src/movement.c:354:6:send_encoder_status	16	static
../Core/Src/movement.c:364:6:move_forward_with_profile	88	static
../Core/Src/movement.c:413:6:moveStraightPID	24	static
../Core/Src/movement.c:450:6:move_forward_smooth	16	static
../Core/Src/movement.c:455:6:debug_encoder_setup	8	static
../Core/Src/movement.c:478:6:test_encoder_manual	8	static
../Core/Src/movement.c:491:6:test_encoder_rotation	32	static
