../Core/Src/sensors.c:34:6:turn_on_emitters	8	static
../Core/Src/sensors.c:46:6:turn_off_emitters	8	static
../Core/Src/sensors.c:57:10:read_adc_channel	40	static
../Core/Src/sensors.c:98:6:update_sensors	32	static
../Core/Src/sensors.c:161:6:update_walls	40	static
../Core/Src/sensors.c:203:6:is_sensor_calibration_valid	4	static
../Core/Src/sensors.c:211:6:send_detailed_sensor_status	8	static
../Core/Src/sensors.c:254:6:adc_system_diagnostics	72	static
../Core/Src/sensors.c:298:6:diagnostic_sensor_test	96	static
../Core/Src/sensors.c:345:6:calibrate_sensors	160	static
../Core/Src/sensors.c:581:10:get_calibrated_threshold	16	static
