../Core/Src/wall_handle.c:196:19:clampi_local	24	static
../Core/Src/wall_handle.c:202:6:align_front_to_wall	136	static
../Core/Src/wall_handle.c:719:14:lut_lookup	48	static
../Core/Src/wall_handle.c:749:19:clampi	24	static
../Core/Src/wall_handle.c:750:21:clampf	24	static
../Core/Src/wall_handle.c:757:6:wall_follow_reset_int	16	static
../Core/Src/wall_handle.c:772:6:wall_follow_step	56	static
../Core/Src/wall_handle.c:885:6:fusion_reset	8	static
../Core/Src/wall_handle.c:900:6:fusion_set_heading_ref_to_current	4	static
../Core/Src/wall_handle.c:906:6:fusion_step	104	static
